2025-09-03 08:21:00 | DEBUG | repo=pv243-a4m36jee-2016-web-seminar | action=edit | files=3
2025-01-11 13:32:00 | DEBUG | repo=pv243-a4m36jee-2016-web-seminar | action=commit
2025-03-05 12:40:00 | DEBUG | repo=pv243-a4m36jee-2016-web-seminar | action=commit
2025-12-27 09:09:00 | WARN | repo=pv243-a4m36jee-2016-web-seminar | action=commit
2025-09-10 15:15:00 | DEBUG | repo=pv243-a4m36jee-2016-web-seminar | action=edit | files=3
2025-06-04 19:14:00 | INFO | repo=pv243-a4m36jee-2016-web-seminar | action=commit
2025-10-13 16:00:00 | WARN | repo=pv243-a4m36jee-2016-web-seminar | action=edit | files=5
2025-03-11 15:29:00 | DEBUG | repo=pv243-a4m36jee-2016-web-seminar | action=commit
2025-04-02 15:00:00 | WARN | repo=pv243-a4m36jee-2016-web-seminar | action=pull
2025-07-17 19:44:00 | INFO | repo=pv243-a4m36jee-2016-web-seminar | action=commit
2025-12-12 07:58:00 | DEBUG | repo=pv243-a4m36jee-2016-web-seminar | action=test | passed=true
2025-12-23 07:31:00 | WARN | repo=pv243-a4m36jee-2016-web-seminar | action=commit
2025-09-21 21:40:00 | INFO | repo=pv243-a4m36jee-2016-web-seminar | action=test | passed=true
2025-12-10 14:44:00 | DEBUG | repo=pv243-a4m36jee-2016-web-seminar | action=commit
2025-04-18 16:55:00 | WARN | repo=pv243-a4m36jee-2016-web-seminar | action=commit
2025-12-05 08:56:00 | WARN | repo=pv243-a4m36jee-2016-web-seminar | action=commit
2025-09-13 07:15:00 | WARN | repo=pv243-a4m36jee-2016-web-seminar | action=edit | files=5
2025-03-02 18:33:00 | WARN | repo=pv243-a4m36jee-2016-web-seminar | action=edit | files=1
2025-07-20 12:14:00 | DEBUG | repo=pv243-a4m36jee-2016-web-seminar | action=commit
2025-09-24 20:30:00 | DEBUG | repo=pv243-a4m36jee-2016-web-seminar | action=test | passed=true
2025-01-09 09:06:00 | INFO | repo=pv243-a4m36jee-2016-web-seminar | action=commit
2025-06-27 17:46:00 | WARN | repo=pv243-a4m36jee-2016-web-seminar | action=commit
